Archive member included to satisfy reference by file (symbol)

c:/program files (x86)/atmel/studio/7.0/toolchain/avr8/avr8-gnu-toolchain/bin/../lib/gcc/avr/5.4.0/avrxmega3\libgcc.a(_exit.o)
                              C:/Program Files (x86)/Atmel/Studio/7.0/Packs/Atmel/ATtiny_DFP/1.4.308/gcc/dev/attiny1627/avrxmega3/crtattiny1627.o (exit)
c:/program files (x86)/atmel/studio/7.0/toolchain/avr8/avr8-gnu-toolchain/bin/../lib/gcc/avr/5.4.0/avrxmega3\libgcc.a(_clear_bss.o)
                              data_streamer.o (__do_clear_bss)

Allocating common symbols
Common symbol       size              file

adc_t               0xa               data_streamer.o

Discarded input sections

 .data          0x00000000        0x0 C:/Program Files (x86)/Atmel/Studio/7.0/Packs/Atmel/ATtiny_DFP/1.4.308/gcc/dev/attiny1627/avrxmega3/crtattiny1627.o
 .bss           0x00000000        0x0 C:/Program Files (x86)/Atmel/Studio/7.0/Packs/Atmel/ATtiny_DFP/1.4.308/gcc/dev/attiny1627/avrxmega3/crtattiny1627.o
 .text          0x00000000        0x0 adc.o
 .data          0x00000000        0x0 adc.o
 .bss           0x00000000        0x0 adc.o
 .text.adc_sample_is_ready
                0x00000000        0xa adc.o
 .text          0x00000000        0x0 clock_config.o
 .data          0x00000000        0x0 clock_config.o
 .bss           0x00000000        0x0 clock_config.o
 .text          0x00000000        0x0 data_streamer.o
 .data          0x00000000        0x0 data_streamer.o
 .bss           0x00000000        0x0 data_streamer.o
 .text          0x00000000        0x0 event_system.o
 .data          0x00000000        0x0 event_system.o
 .bss           0x00000000        0x0 event_system.o
 .text          0x00000000        0x0 io.o
 .data          0x00000000        0x0 io.o
 .bss           0x00000000        0x0 io.o
 .text          0x00000000        0x0 main.o
 .data          0x00000000        0x0 main.o
 .bss           0x00000000        0x0 main.o
 .text          0x00000000        0x0 rtc.o
 .data          0x00000000        0x0 rtc.o
 .bss           0x00000000        0x0 rtc.o
 .text          0x00000000        0x0 sleep_control.o
 .data          0x00000000        0x0 sleep_control.o
 .bss           0x00000000        0x0 sleep_control.o
 .text.slpctrl_init
                0x00000000        0x8 sleep_control.o
 .debug_info    0x00000000      0x10a sleep_control.o
 .debug_abbrev  0x00000000       0xad sleep_control.o
 .debug_aranges
                0x00000000       0x20 sleep_control.o
 .debug_ranges  0x00000000       0x10 sleep_control.o
 .debug_line    0x00000000      0x10b sleep_control.o
 .debug_str     0x00000000      0x21e sleep_control.o
 .comment       0x00000000       0x31 sleep_control.o
 .debug_frame   0x00000000       0x24 sleep_control.o
 .text          0x00000000        0x0 usart.o
 .data          0x00000000        0x0 usart.o
 .bss           0x00000000        0x0 usart.o
 .text          0x00000000        0x0 c:/program files (x86)/atmel/studio/7.0/toolchain/avr8/avr8-gnu-toolchain/bin/../lib/gcc/avr/5.4.0/avrxmega3\libgcc.a(_exit.o)
 .data          0x00000000        0x0 c:/program files (x86)/atmel/studio/7.0/toolchain/avr8/avr8-gnu-toolchain/bin/../lib/gcc/avr/5.4.0/avrxmega3\libgcc.a(_exit.o)
 .bss           0x00000000        0x0 c:/program files (x86)/atmel/studio/7.0/toolchain/avr8/avr8-gnu-toolchain/bin/../lib/gcc/avr/5.4.0/avrxmega3\libgcc.a(_exit.o)
 .text.libgcc.mul
                0x00000000        0x0 c:/program files (x86)/atmel/studio/7.0/toolchain/avr8/avr8-gnu-toolchain/bin/../lib/gcc/avr/5.4.0/avrxmega3\libgcc.a(_exit.o)
 .text.libgcc.div
                0x00000000        0x0 c:/program files (x86)/atmel/studio/7.0/toolchain/avr8/avr8-gnu-toolchain/bin/../lib/gcc/avr/5.4.0/avrxmega3\libgcc.a(_exit.o)
 .text.libgcc   0x00000000        0x0 c:/program files (x86)/atmel/studio/7.0/toolchain/avr8/avr8-gnu-toolchain/bin/../lib/gcc/avr/5.4.0/avrxmega3\libgcc.a(_exit.o)
 .text.libgcc.prologue
                0x00000000        0x0 c:/program files (x86)/atmel/studio/7.0/toolchain/avr8/avr8-gnu-toolchain/bin/../lib/gcc/avr/5.4.0/avrxmega3\libgcc.a(_exit.o)
 .text.libgcc.builtins
                0x00000000        0x0 c:/program files (x86)/atmel/studio/7.0/toolchain/avr8/avr8-gnu-toolchain/bin/../lib/gcc/avr/5.4.0/avrxmega3\libgcc.a(_exit.o)
 .text.libgcc.fmul
                0x00000000        0x0 c:/program files (x86)/atmel/studio/7.0/toolchain/avr8/avr8-gnu-toolchain/bin/../lib/gcc/avr/5.4.0/avrxmega3\libgcc.a(_exit.o)
 .text.libgcc.fixed
                0x00000000        0x0 c:/program files (x86)/atmel/studio/7.0/toolchain/avr8/avr8-gnu-toolchain/bin/../lib/gcc/avr/5.4.0/avrxmega3\libgcc.a(_exit.o)
 .text          0x00000000        0x0 c:/program files (x86)/atmel/studio/7.0/toolchain/avr8/avr8-gnu-toolchain/bin/../lib/gcc/avr/5.4.0/avrxmega3\libgcc.a(_clear_bss.o)
 .data          0x00000000        0x0 c:/program files (x86)/atmel/studio/7.0/toolchain/avr8/avr8-gnu-toolchain/bin/../lib/gcc/avr/5.4.0/avrxmega3\libgcc.a(_clear_bss.o)
 .bss           0x00000000        0x0 c:/program files (x86)/atmel/studio/7.0/toolchain/avr8/avr8-gnu-toolchain/bin/../lib/gcc/avr/5.4.0/avrxmega3\libgcc.a(_clear_bss.o)
 .text.libgcc.mul
                0x00000000        0x0 c:/program files (x86)/atmel/studio/7.0/toolchain/avr8/avr8-gnu-toolchain/bin/../lib/gcc/avr/5.4.0/avrxmega3\libgcc.a(_clear_bss.o)
 .text.libgcc.div
                0x00000000        0x0 c:/program files (x86)/atmel/studio/7.0/toolchain/avr8/avr8-gnu-toolchain/bin/../lib/gcc/avr/5.4.0/avrxmega3\libgcc.a(_clear_bss.o)
 .text.libgcc   0x00000000        0x0 c:/program files (x86)/atmel/studio/7.0/toolchain/avr8/avr8-gnu-toolchain/bin/../lib/gcc/avr/5.4.0/avrxmega3\libgcc.a(_clear_bss.o)
 .text.libgcc.prologue
                0x00000000        0x0 c:/program files (x86)/atmel/studio/7.0/toolchain/avr8/avr8-gnu-toolchain/bin/../lib/gcc/avr/5.4.0/avrxmega3\libgcc.a(_clear_bss.o)
 .text.libgcc.builtins
                0x00000000        0x0 c:/program files (x86)/atmel/studio/7.0/toolchain/avr8/avr8-gnu-toolchain/bin/../lib/gcc/avr/5.4.0/avrxmega3\libgcc.a(_clear_bss.o)
 .text.libgcc.fmul
                0x00000000        0x0 c:/program files (x86)/atmel/studio/7.0/toolchain/avr8/avr8-gnu-toolchain/bin/../lib/gcc/avr/5.4.0/avrxmega3\libgcc.a(_clear_bss.o)
 .text.libgcc.fixed
                0x00000000        0x0 c:/program files (x86)/atmel/studio/7.0/toolchain/avr8/avr8-gnu-toolchain/bin/../lib/gcc/avr/5.4.0/avrxmega3\libgcc.a(_clear_bss.o)

Memory Configuration

Name             Origin             Length             Attributes
text             0x00000000         0x00004000         xr
data             0x00803800         0x00000800         rw !x
eeprom           0x00810000         0x00000100         rw !x
fuse             0x00820000         0x0000000a         rw !x
lock             0x00830000         0x00000400         rw !x
signature        0x00840000         0x00000400         rw !x
user_signatures  0x00850000         0x00000400         rw !x
*default*        0x00000000         0xffffffff

Linker script and memory map

Address of section .data set to 0x803800
                0x00008000                __RODATA_PM_OFFSET__ = 0x8000
LOAD C:/Program Files (x86)/Atmel/Studio/7.0/Packs/Atmel/ATtiny_DFP/1.4.308/gcc/dev/attiny1627/avrxmega3/crtattiny1627.o
LOAD adc.o
LOAD clock_config.o
LOAD data_streamer.o
LOAD event_system.o
LOAD io.o
LOAD main.o
LOAD rtc.o
LOAD sleep_control.o
LOAD usart.o
START GROUP
LOAD c:/program files (x86)/atmel/studio/7.0/toolchain/avr8/avr8-gnu-toolchain/bin/../lib/gcc/avr/5.4.0/../../../../avr/lib/avrxmega3\libm.a
END GROUP
START GROUP
LOAD c:/program files (x86)/atmel/studio/7.0/toolchain/avr8/avr8-gnu-toolchain/bin/../lib/gcc/avr/5.4.0/avrxmega3\libgcc.a
LOAD c:/program files (x86)/atmel/studio/7.0/toolchain/avr8/avr8-gnu-toolchain/bin/../lib/gcc/avr/5.4.0/../../../../avr/lib/avrxmega3\libm.a
LOAD c:/program files (x86)/atmel/studio/7.0/toolchain/avr8/avr8-gnu-toolchain/bin/../lib/gcc/avr/5.4.0/../../../../avr/lib/avrxmega3\libc.a
LOAD C:/Program Files (x86)/Atmel/Studio/7.0/Packs/Atmel/ATtiny_DFP/1.4.308/gcc/dev/attiny1627/avrxmega3\libattiny1627.a
END GROUP
                [0x00000000]                __TEXT_REGION_ORIGIN__ = DEFINED (__TEXT_REGION_ORIGIN__)?__TEXT_REGION_ORIGIN__:0x0
                [0x00803800]                __DATA_REGION_ORIGIN__ = DEFINED (__DATA_REGION_ORIGIN__)?__DATA_REGION_ORIGIN__:0x802000
                [0x00004000]                __TEXT_REGION_LENGTH__ = DEFINED (__TEXT_REGION_LENGTH__)?__TEXT_REGION_LENGTH__:0x100000
                [0x00000800]                __DATA_REGION_LENGTH__ = DEFINED (__DATA_REGION_LENGTH__)?__DATA_REGION_LENGTH__:0xffa0
                [0x00000100]                __EEPROM_REGION_LENGTH__ = DEFINED (__EEPROM_REGION_LENGTH__)?__EEPROM_REGION_LENGTH__:0x10000
                [0x0000000a]                __FUSE_REGION_LENGTH__ = DEFINED (__FUSE_REGION_LENGTH__)?__FUSE_REGION_LENGTH__:0x400
                0x00000400                __LOCK_REGION_LENGTH__ = DEFINED (__LOCK_REGION_LENGTH__)?__LOCK_REGION_LENGTH__:0x400
                0x00000400                __SIGNATURE_REGION_LENGTH__ = DEFINED (__SIGNATURE_REGION_LENGTH__)?__SIGNATURE_REGION_LENGTH__:0x400
                0x00000400                __USER_SIGNATURE_REGION_LENGTH__ = DEFINED (__USER_SIGNATURE_REGION_LENGTH__)?__USER_SIGNATURE_REGION_LENGTH__:0x400
                0x00008000                __RODATA_PM_OFFSET__ = DEFINED (__RODATA_PM_OFFSET__)?__RODATA_PM_OFFSET__:0x8000

.hash
 *(.hash)

.dynsym
 *(.dynsym)

.dynstr
 *(.dynstr)

.gnu.version
 *(.gnu.version)

.gnu.version_d
 *(.gnu.version_d)

.gnu.version_r
 *(.gnu.version_r)

.rel.init
 *(.rel.init)

.rela.init
 *(.rela.init)

.rel.text
 *(.rel.text)
 *(.rel.text.*)
 *(.rel.gnu.linkonce.t*)

.rela.text
 *(.rela.text)
 *(.rela.text.*)
 *(.rela.gnu.linkonce.t*)

.rel.fini
 *(.rel.fini)

.rela.fini
 *(.rela.fini)

.rel.rodata
 *(.rel.rodata)
 *(.rel.rodata.*)
 *(.rel.gnu.linkonce.r*)

.rela.rodata
 *(.rela.rodata)
 *(.rela.rodata.*)
 *(.rela.gnu.linkonce.r*)

.rel.data
 *(.rel.data)
 *(.rel.data.*)
 *(.rel.gnu.linkonce.d*)

.rela.data
 *(.rela.data)
 *(.rela.data.*)
 *(.rela.gnu.linkonce.d*)

.rel.ctors
 *(.rel.ctors)

.rela.ctors
 *(.rela.ctors)

.rel.dtors
 *(.rel.dtors)

.rela.dtors
 *(.rela.dtors)

.rel.got
 *(.rel.got)

.rela.got
 *(.rela.got)

.rel.bss
 *(.rel.bss)

.rela.bss
 *(.rela.bss)

.rel.plt
 *(.rel.plt)

.rela.plt
 *(.rela.plt)

.text           0x00000000      0x200
 *(.vectors)
 .vectors       0x00000000       0x78 C:/Program Files (x86)/Atmel/Studio/7.0/Packs/Atmel/ATtiny_DFP/1.4.308/gcc/dev/attiny1627/avrxmega3/crtattiny1627.o
                0x00000000                __vector_default
                0x00000000                __vectors
 *(.vectors)
 *(.progmem.gcc*)
                0x00000078                . = ALIGN (0x2)
                0x00000078                __trampolines_start = .
 *(.trampolines)
 .trampolines   0x00000078        0x0 linker stubs
 *(.trampolines*)
                0x00000078                __trampolines_end = .
 *libprintf_flt.a:*(.progmem.data)
 *libc.a:*(.progmem.data)
 *(.progmem*)
                0x00000078                . = ALIGN (0x2)
 *(.jumptables)
 *(.jumptables*)
 *(.lowtext)
 *(.lowtext*)
                0x00000078                __ctors_start = .
 *(.ctors)
                0x00000078                __ctors_end = .
                0x00000078                __dtors_start = .
 *(.dtors)
                0x00000078                __dtors_end = .
 SORT(*)(.ctors)
 SORT(*)(.dtors)
 *(.init0)
 .init0         0x00000078        0x0 C:/Program Files (x86)/Atmel/Studio/7.0/Packs/Atmel/ATtiny_DFP/1.4.308/gcc/dev/attiny1627/avrxmega3/crtattiny1627.o
                0x00000078                __init
 *(.init0)
 *(.init1)
 *(.init1)
 *(.init2)
 .init2         0x00000078        0xc C:/Program Files (x86)/Atmel/Studio/7.0/Packs/Atmel/ATtiny_DFP/1.4.308/gcc/dev/attiny1627/avrxmega3/crtattiny1627.o
 *(.init2)
 *(.init3)
 *(.init3)
 *(.init4)
 .init4         0x00000084       0x10 c:/program files (x86)/atmel/studio/7.0/toolchain/avr8/avr8-gnu-toolchain/bin/../lib/gcc/avr/5.4.0/avrxmega3\libgcc.a(_clear_bss.o)
                0x00000084                __do_clear_bss
 *(.init4)
 *(.init5)
 *(.init5)
 *(.init6)
 *(.init6)
 *(.init7)
 *(.init7)
 *(.init8)
 *(.init8)
 *(.init9)
 .init9         0x00000094        0x8 C:/Program Files (x86)/Atmel/Studio/7.0/Packs/Atmel/ATtiny_DFP/1.4.308/gcc/dev/attiny1627/avrxmega3/crtattiny1627.o
 *(.init9)
 *(.text)
 .text          0x0000009c        0x4 C:/Program Files (x86)/Atmel/Studio/7.0/Packs/Atmel/ATtiny_DFP/1.4.308/gcc/dev/attiny1627/avrxmega3/crtattiny1627.o
                0x0000009c                __vector_22
                0x0000009c                __vector_28
                0x0000009c                __vector_1
                0x0000009c                __vector_24
                0x0000009c                __vector_12
                0x0000009c                __bad_interrupt
                0x0000009c                __vector_6
                0x0000009c                __vector_3
                0x0000009c                __vector_23
                0x0000009c                __vector_25
                0x0000009c                __vector_11
                0x0000009c                __vector_13
                0x0000009c                __vector_17
                0x0000009c                __vector_19
                0x0000009c                __vector_7
                0x0000009c                __vector_27
                0x0000009c                __vector_5
                0x0000009c                __vector_4
                0x0000009c                __vector_9
                0x0000009c                __vector_2
                0x0000009c                __vector_21
                0x0000009c                __vector_15
                0x0000009c                __vector_29
                0x0000009c                __vector_8
                0x0000009c                __vector_26
                0x0000009c                __vector_14
                0x0000009c                __vector_10
                0x0000009c                __vector_16
                0x0000009c                __vector_18
                0x0000009c                __vector_20
                0x000000a0                . = ALIGN (0x2)
 *(.text.*)
 .text.adc_init
                0x000000a0       0x20 adc.o
                0x000000a0                adc_init
 .text.adc_get_sample
                0x000000c0        0xa adc.o
                0x000000c0                adc_get_sample
 .text.adc_get_result
                0x000000ca       0x12 adc.o
                0x000000ca                adc_get_result
 .text.adc_result_is_ready
                0x000000dc        0x8 adc.o
                0x000000dc                adc_result_is_ready
 .text.clock_init
                0x000000e4        0xe clock_config.o
                0x000000e4                clock_init
 .text.transmit_to_DV
                0x000000f2       0x32 data_streamer.o
                0x000000f2                transmit_to_DV
 .text.event_system_init
                0x00000124        0xe event_system.o
                0x00000124                event_system_init
 .text.io_init  0x00000132       0x1e io.o
                0x00000132                io_init
 .text.main     0x00000150       0x66 main.o
                0x00000150                main
 .text.rtc_init
                0x000001b6       0x24 rtc.o
                0x000001b6                rtc_init
 .text.usart0_init
                0x000001da       0x12 usart.o
                0x000001da                usart0_init
 .text.usart0_put_c
                0x000001ec       0x10 usart.o
                0x000001ec                usart0_put_c
                0x000001fc                . = ALIGN (0x2)
 *(.fini9)
 .fini9         0x000001fc        0x0 c:/program files (x86)/atmel/studio/7.0/toolchain/avr8/avr8-gnu-toolchain/bin/../lib/gcc/avr/5.4.0/avrxmega3\libgcc.a(_exit.o)
                0x000001fc                _exit
                0x000001fc                exit
 *(.fini9)
 *(.fini8)
 *(.fini8)
 *(.fini7)
 *(.fini7)
 *(.fini6)
 *(.fini6)
 *(.fini5)
 *(.fini5)
 *(.fini4)
 *(.fini4)
 *(.fini3)
 *(.fini3)
 *(.fini2)
 *(.fini2)
 *(.fini1)
 *(.fini1)
 *(.fini0)
 .fini0         0x000001fc        0x4 c:/program files (x86)/atmel/studio/7.0/toolchain/avr8/avr8-gnu-toolchain/bin/../lib/gcc/avr/5.4.0/avrxmega3\libgcc.a(_exit.o)
 *(.fini0)
                0x00000200                _etext = .

.rodata
 *(.rodata)
 *(.rodata*)
 *(.gnu.linkonce.r*)

.data           0x00803800        0x0 load address 0x00000200
                [!provide]                PROVIDE (__data_start, .)
 *(.data)
 *(.data*)
 *(.gnu.linkonce.d*)
                0x00803800                . = ALIGN (0x2)
                0x00803800                _edata = .
                [!provide]                PROVIDE (__data_end, .)

.bss            0x00803800        0xa
                0x00803800                PROVIDE (__bss_start, .)
 *(.bss)
 *(.bss*)
 *(COMMON)
 COMMON         0x00803800        0xa data_streamer.o
                0x00803800                adc_t
                0x0080380a                PROVIDE (__bss_end, .)
                0x00000200                __data_load_start = LOADADDR (.data)
                0x00000200                __data_load_end = (__data_load_start + SIZEOF (.data))

.noinit         0x0080380a        0x0
                [!provide]                PROVIDE (__noinit_start, .)
 *(.noinit*)
                [!provide]                PROVIDE (__noinit_end, .)
                0x0080380a                _end = .
                [!provide]                PROVIDE (__heap_start, .)

.eeprom         0x00810000        0x0
 *(.eeprom*)
                0x00810000                __eeprom_end = .

.fuse
 *(.fuse)
 *(.lfuse)
 *(.hfuse)
 *(.efuse)

.lock
 *(.lock*)

.signature
 *(.signature*)

.user_signatures
 *(.user_signatures*)

.stab
 *(.stab)

.stabstr
 *(.stabstr)

.stab.excl
 *(.stab.excl)

.stab.exclstr
 *(.stab.exclstr)

.stab.index
 *(.stab.index)

.stab.indexstr
 *(.stab.indexstr)

.comment        0x00000000       0x30
 *(.comment)
 .comment       0x00000000       0x30 adc.o
                                 0x31 (size before relaxing)
 .comment       0x00000030       0x31 clock_config.o
 .comment       0x00000030       0x31 data_streamer.o
 .comment       0x00000030       0x31 event_system.o
 .comment       0x00000030       0x31 io.o
 .comment       0x00000030       0x31 main.o
 .comment       0x00000030       0x31 rtc.o
 .comment       0x00000030       0x31 usart.o

.note.gnu.avr.deviceinfo
                0x00000000       0x40
 .note.gnu.avr.deviceinfo
                0x00000000       0x40 C:/Program Files (x86)/Atmel/Studio/7.0/Packs/Atmel/ATtiny_DFP/1.4.308/gcc/dev/attiny1627/avrxmega3/crtattiny1627.o

.note.gnu.build-id
 *(.note.gnu.build-id)

.debug
 *(.debug)

.line
 *(.line)

.debug_srcinfo
 *(.debug_srcinfo)

.debug_sfnames
 *(.debug_sfnames)

.debug_aranges  0x00000000      0x128
 *(.debug_aranges)
 .debug_aranges
                0x00000000       0x40 adc.o
 .debug_aranges
                0x00000040       0x20 clock_config.o
 .debug_aranges
                0x00000060       0x20 data_streamer.o
 .debug_aranges
                0x00000080       0x20 event_system.o
 .debug_aranges
                0x000000a0       0x20 io.o
 .debug_aranges
                0x000000c0       0x20 main.o
 .debug_aranges
                0x000000e0       0x20 rtc.o
 .debug_aranges
                0x00000100       0x28 usart.o

.debug_pubnames
 *(.debug_pubnames)

.debug_info     0x00000000     0x353b
 *(.debug_info .gnu.linkonce.wi.*)
 .debug_info    0x00000000     0x1c2f C:/Program Files (x86)/Atmel/Studio/7.0/Packs/Atmel/ATtiny_DFP/1.4.308/gcc/dev/attiny1627/avrxmega3/crtattiny1627.o
 .debug_info    0x00001c2f      0x5d8 adc.o
 .debug_info    0x00002207      0x238 clock_config.o
 .debug_info    0x0000243f      0x14b data_streamer.o
 .debug_info    0x0000258a      0x40b event_system.o
 .debug_info    0x00002995      0x24e io.o
 .debug_info    0x00002be3      0x3bb main.o
 .debug_info    0x00002f9e      0x37b rtc.o
 .debug_info    0x00003319      0x222 usart.o

.debug_abbrev   0x00000000     0x2173
 *(.debug_abbrev)
 .debug_abbrev  0x00000000     0x1ab0 C:/Program Files (x86)/Atmel/Studio/7.0/Packs/Atmel/ATtiny_DFP/1.4.308/gcc/dev/attiny1627/avrxmega3/crtattiny1627.o
 .debug_abbrev  0x00001ab0      0x102 adc.o
 .debug_abbrev  0x00001bb2       0xaf clock_config.o
 .debug_abbrev  0x00001c61       0xbf data_streamer.o
 .debug_abbrev  0x00001d20       0xaf event_system.o
 .debug_abbrev  0x00001dcf       0xbe io.o
 .debug_abbrev  0x00001e8d      0x10f main.o
 .debug_abbrev  0x00001f9c       0xe6 rtc.o
 .debug_abbrev  0x00002082       0xf1 usart.o

.debug_line     0x00000000      0xafe
 *(.debug_line .debug_line.* .debug_line_end)
 .debug_line    0x00000000      0x14b C:/Program Files (x86)/Atmel/Studio/7.0/Packs/Atmel/ATtiny_DFP/1.4.308/gcc/dev/attiny1627/avrxmega3/crtattiny1627.o
 .debug_line    0x0000014b      0x195 adc.o
 .debug_line    0x000002e0      0x10a clock_config.o
 .debug_line    0x000003ea       0xec data_streamer.o
 .debug_line    0x000004d6      0x110 event_system.o
 .debug_line    0x000005e6      0x10c io.o
 .debug_line    0x000006f2      0x1ac main.o
 .debug_line    0x0000089e      0x12f rtc.o
 .debug_line    0x000009cd      0x131 usart.o

.debug_frame    0x00000000      0x17c
 *(.debug_frame)
 .debug_frame   0x00000000       0x64 adc.o
 .debug_frame   0x00000064       0x24 clock_config.o
 .debug_frame   0x00000088       0x30 data_streamer.o
 .debug_frame   0x000000b8       0x24 event_system.o
 .debug_frame   0x000000dc       0x24 io.o
 .debug_frame   0x00000100       0x24 main.o
 .debug_frame   0x00000124       0x24 rtc.o
 .debug_frame   0x00000148       0x34 usart.o

.debug_str      0x00000000     0x2232
 *(.debug_str)
 .debug_str     0x00000000      0xc8d C:/Program Files (x86)/Atmel/Studio/7.0/Packs/Atmel/ATtiny_DFP/1.4.308/gcc/dev/attiny1627/avrxmega3/crtattiny1627.o
 .debug_str     0x00000c8d      0x822 adc.o
                                0x882 (size before relaxing)
 .debug_str     0x000014af      0x19e clock_config.o
                                0x35a (size before relaxing)
 .debug_str     0x0000164d       0x6b data_streamer.o
                                0x1ec (size before relaxing)
 .debug_str     0x000016b8      0x745 event_system.o
                                0x8e1 (size before relaxing)
 .debug_str     0x00001dfd      0x12e io.o
                                0x2c8 (size before relaxing)
 .debug_str     0x00001f2b       0x26 main.o
                                0x402 (size before relaxing)
 .debug_str     0x00001f51      0x275 rtc.o
                                0x456 (size before relaxing)
 .debug_str     0x000021c6       0x6c usart.o
                                0x248 (size before relaxing)

.debug_loc      0x00000000       0x2f
 *(.debug_loc)
 .debug_loc     0x00000000       0x2f data_streamer.o

.debug_macinfo
 *(.debug_macinfo)

.debug_weaknames
 *(.debug_weaknames)

.debug_funcnames
 *(.debug_funcnames)

.debug_typenames
 *(.debug_typenames)

.debug_varnames
 *(.debug_varnames)

.debug_pubtypes
 *(.debug_pubtypes)

.debug_ranges   0x00000000       0xa8
 *(.debug_ranges)
 .debug_ranges  0x00000000       0x30 adc.o
 .debug_ranges  0x00000030       0x10 clock_config.o
 .debug_ranges  0x00000040       0x10 data_streamer.o
 .debug_ranges  0x00000050       0x10 event_system.o
 .debug_ranges  0x00000060       0x10 io.o
 .debug_ranges  0x00000070       0x10 main.o
 .debug_ranges  0x00000080       0x10 rtc.o
 .debug_ranges  0x00000090       0x18 usart.o

.debug_macro
 *(.debug_macro)
OUTPUT(Solution2_Burst.elf elf32-avr)
LOAD linker stubs
